// Vitest Snapshot v1, https://vitest.dev/guide/snapshot.html

exports[`golden run > a scripted combat run reproduces the same fight 1`] = `
{
  "ammo": {
    "heavy": 0,
    "pistol": 52,
    "rifle": 0,
    "shell": 5,
  },
  "carrierId": null,
  "enemies": [
    {
      "alerted": false,
      "defId": "camera",
      "hp": 1,
      "x": 26,
      "y": 24,
    },
    {
      "alerted": false,
      "defId": "shotgun",
      "hp": 7,
      "x": 27,
      "y": 24,
    },
    {
      "alerted": false,
      "defId": "taser",
      "hp": 6,
      "x": 42,
      "y": 16,
    },
    {
      "alerted": false,
      "defId": "camera",
      "hp": 1,
      "x": 28,
      "y": 15,
    },
    {
      "alerted": false,
      "defId": "rentacop",
      "hp": 6,
      "x": 29,
      "y": 15,
    },
    {
      "alerted": false,
      "defId": "taser",
      "hp": 6,
      "x": 19,
      "y": 3,
    },
    {
      "alerted": false,
      "defId": "camera",
      "hp": 1,
      "x": 20,
      "y": 3,
    },
    {
      "alerted": false,
      "defId": "rentacop",
      "hp": 6,
      "x": 18,
      "y": 3,
    },
    {
      "alerted": false,
      "defId": "taser",
      "hp": 6,
      "x": 11,
      "y": 16,
    },
  ],
  "floor": 2,
  "hotbar": [
    {
      "count": 2,
      "itemId": "bandage",
    },
    {
      "count": 1,
      "itemId": "medshot",
    },
    {
      "count": 1,
      "itemId": "medkit",
    },
    null,
    null,
    null,
  ],
  "itemCount": 13,
  "level": 2,
  "log": [
    "The Rent-a-Cop collapses.",
    "PERFORMANCE REVIEW — promoted to level 2.",
    "Certification acquired: Follow-Up Meeting.",
    "You pocket 6 pistol rounds.",
    "You pick up the Bandage.",
    "OFFICES — floor 2 of the tower.",
    "You miss the Shotgun Guard.",
    "You hit the Shotgun Guard for 3.",
    "You hit the Shotgun Guard for 3.",
    "You hit the Shotgun Guard for 3.",
    "The Shotgun Guard collapses.",
    "You reload. (59 pistol left)",
    "You hit the Janitor for 3.",
    "You hit the Janitor for 3.",
    "You hit the Janitor for 3.",
    "You hit the Janitor for 3.",
    "You hit the Janitor for 3.",
    "The Janitor collapses.",
    "You hit the Rent-a-Cop for 3.",
    "You hit the Rent-a-Cop for 3.",
    "The Rent-a-Cop collapses.",
    "You reload. (52 pistol left)",
    "You pick up the Medkit.",
    "The Shotgun Guard racks a shell. "Wrong floor, buddy."",
    "You hit the Shotgun Guard for 3.",
    "You miss the Shotgun Guard.",
    "You hit the Shotgun Guard for 3.",
    "You hit the Shotgun Guard for 3.",
    "The Shotgun Guard collapses.",
    "You pocket 5 shell rounds.",
  ],
  "perks": [
    "follow_up",
  ],
  "phase": "playing",
  "player": {
    "ammoInMag": 3,
    "ap": 3,
    "hp": 13,
    "x": 21,
    "y": 13,
  },
  "rngState": [
    0.2789896810427308,
    0.16127863177098334,
    0.024343236116692424,
    58828,
  ],
  "spareplates": 1,
  "turn": 50,
  "xp": 66,
}
`;

exports[`golden run > seed 1 with a scripted turn sequence reproduces the same state 1`] = `
{
  "ammo": {
    "heavy": 0,
    "pistol": 24,
    "rifle": 0,
    "shell": 0,
  },
  "carrierId": null,
  "enemies": [
    {
      "alerted": false,
      "defId": "janitor",
      "hp": 14,
      "x": 18,
      "y": 24,
    },
    {
      "alerted": false,
      "defId": "rentacop",
      "hp": 6,
      "x": 5,
      "y": 27,
    },
    {
      "alerted": false,
      "defId": "rentacop",
      "hp": 6,
      "x": 10,
      "y": 12,
    },
    {
      "alerted": false,
      "defId": "camera",
      "hp": 1,
      "x": 11,
      "y": 12,
    },
    {
      "alerted": false,
      "defId": "rentacop",
      "hp": 6,
      "x": 27,
      "y": 25,
    },
    {
      "alerted": false,
      "defId": "taser",
      "hp": 6,
      "x": 28,
      "y": 25,
    },
  ],
  "floor": 1,
  "hotbar": [
    null,
    null,
    null,
    null,
    null,
    null,
  ],
  "itemCount": 7,
  "level": 1,
  "log": [
    "Find whoever signs the checks.",
    "LOBBY — floor 1 of the tower.",
    "No target in sight.",
    "Magazine already full.",
    "No target in sight.",
  ],
  "perks": [],
  "phase": "playing",
  "player": {
    "ammoInMag": 7,
    "ap": 3,
    "hp": 10,
    "x": 24,
    "y": 16,
  },
  "rngState": [
    0.6180339884012938,
    0.9895448891911656,
    0.8759515448473394,
    1,
  ],
  "spareplates": 0,
  "turn": 6,
  "xp": 0,
}
`;
